
C:\Users\tron\Documents\GitHub>git clone https://github.com/heroku/node-js-getting-started.git
Cloning into 'node-js-getting-started'...
remote: Counting objects: 508, done.
remote: Total 508 (delta 0), reused 0 (delta 0), pack-reused 508
Receiving objects: 100% (508/508), 234.75 KiB | 137.00 KiB/s, done.
Resolving deltas: 100% (92/92), done.

C:\Users\tron\Documents\GitHub>cd node-js-getting-started

C:\Users\tron\Documents\GitHub\node-js-getting-started>heroku create
Creating app... done, sheltered-ridge-89639
https://sheltered-ridge-89639.herokuapp.com/ | https://git.heroku.com/sheltered-ridge-89639.git

C:\Users\tron\Documents\GitHub\node-js-getting-started>heroku help
Usage: heroku COMMAND

Help topics, type heroku help TOPIC for more details:

 access          manage user access to apps
 addons          tools and services for developing, extending, and operating your app
 apps            manage apps
 auth            heroku authentication
 authorizations  OAuth authorizations
 buildpacks      manage the buildpacks for an app
 certs           a topic for the ssl plugin
 ci              run an application test suite on Heroku
 clients         OAuth clients on the platform
 config          manage app config vars
 container       Use containers to build and deploy Heroku apps
 domains         manage the domains for an app
 drains          list all log drains
 features        manage optional features
 git             manage local git repository for app
 keys            manage ssh keys
 labs            experimental features
 local           run heroku app locally
 logs            display recent log output
 maintenance     manage maintenance mode for an app
 members         manage organization members
 notifications   display notifications
 orgs            manage organizations
 pg              manage postgresql databases
 pipelines       manage collections of apps in pipelines
 plugins         manage plugins
 ps              manage dynos (dynos, workers)
 redis           manage heroku redis instances
 regions         list available regions
 releases        manage app releases
 run             run a one-off process inside a Heroku dyno
 sessions        OAuth sessions
 spaces          manage heroku private spaces
 status          status of the Heroku platform
 teams           manage teams
 update          update CLI
 webhooks        setup HTTP notifications of app activity


C:\Users\tron\Documents\GitHub\node-js-getting-started>heroku apps
=== stefano.bonato-1@studenti.unitn.it Apps
sheltered-ridge-89639
vision-splitter (eu)


C:\Users\tron\Documents\GitHub\node-js-getting-started>git push heroku master
Counting objects: 488, done.
Delta compression using up to 4 threads.
Compressing objects: 100% (366/366), done.
Writing objects: 100% (488/488), 231.17 KiB | 0 bytes/s, done.
Total 488 (delta 87), reused 488 (delta 87)
remote: Compressing source files... done.
remote: Building source:
remote:
remote: -----> Node.js app detected
remote:
remote: -----> Creating runtime environment
remote:
remote:        NPM_CONFIG_LOGLEVEL=error
remote:        NPM_CONFIG_PRODUCTION=true
remote:        NODE_VERBOSE=false
remote:        NODE_ENV=production
remote:        NODE_MODULES_CACHE=true
remote:
remote: -----> Installing binaries
remote:        engines.node (package.json):  8.9.1
remote:        engines.npm (package.json):   unspecified (use default)
remote:
remote:        Resolving node version 8.9.1...
remote:        Downloading and installing node 8.9.1...
remote:        Using default npm version: 5.5.1
remote:
remote: -----> Restoring cache
remote:        Skipping cache restore (not-found)
remote:
remote: -----> Building dependencies
remote:        Installing node modules (package.json)
remote:        added 49 packages in 1.687s
remote:
remote: -----> Caching build
remote:        Clearing previous node cache
remote:        Saving 2 cacheDirectories (default):
remote:        - node_modules
remote:        - bower_components (nothing to cache)
remote:
remote: -----> Build succeeded!
remote: -----> Discovering process types
remote:        Procfile declares types -> web
remote:
remote: -----> Compressing...
remote:        Done: 17.7M
remote: -----> Launching...
remote:        Released v3
remote:        https://sheltered-ridge-89639.herokuapp.com/ deployed to Heroku
remote:
remote: Verifying deploy... done.
To https://git.heroku.com/sheltered-ridge-89639.git
 * [new branch]      master -> master

C:\Users\tron\Documents\GitHub\node-js-getting-started>heroku ps:scale web=1
Scaling dynos... done, now running web at 1:Free

C:\Users\tron\Documents\GitHub\node-js-getting-started>heroku open

C:\Users\tron\Documents\GitHub\node-js-getting-started>heroku logs --tail
2017-11-21T22:41:46.460188+00:00 app[api]: Release v1 created by user stefano.bonato-1@studenti.unitn.it
2017-11-21T22:41:46.460188+00:00 app[api]: Initial release by user stefano.bonato-1@studenti.unitn.it
2017-11-21T22:41:46.587949+00:00 app[api]: Release v2 created by user stefano.bonato-1@studenti.unitn.it
2017-11-21T22:41:46.587949+00:00 app[api]: Enable Logplex by user stefano.bonato-1@studenti.unitn.it
2017-11-21T22:42:58.000000+00:00 app[api]: Build started by user stefano.bonato-1@studenti.unitn.it
2017-11-21T22:43:06.741522+00:00 app[api]: Deploy 787a0397 by user stefano.bonato-1@studenti.unitn.it
2017-11-21T22:43:06.757366+00:00 app[api]: Scaled to web@1:Free by user stefano.bonato-1@studenti.unitn.it
2017-11-21T22:43:06.741522+00:00 app[api]: Release v3 created by user stefano.bonato-1@studenti.unitn.it
2017-11-21T22:42:58.000000+00:00 app[api]: Build succeeded
2017-11-21T22:43:09.827104+00:00 heroku[web.1]: Starting process with command `node index.js`
2017-11-21T22:43:13.199759+00:00 app[web.1]: Listening on 48156
2017-11-21T22:43:13.620439+00:00 heroku[web.1]: State changed from starting to up
2017-11-21T22:43:22.277506+00:00 heroku[router]: at=info method=GET path="/" host=sheltered-ridge-89639.herokuapp.com request_id=a348bf8a-7442-4a13-8894-c077caa43d48 fwd="93.34.236.12" dyno=web.1 connect=1ms service=44ms status=200 bytes=7049 protocol=https
2017-11-21T22:43:22.469244+00:00 heroku[router]: at=info method=GET path="/stylesheets/main.css" host=sheltered-ridge-89639.herokuapp.com request_id=3771587c-8c57-425e-a290-fa47182f09d0 fwd="93.34.236.12" dyno=web.1 connect=1ms service=13ms status=200 bytes=908 protocol=https
2017-11-21T22:43:22.714122+00:00 heroku[router]: at=info method=GET path="/lang-logo.png" host=sheltered-ridge-89639.herokuapp.com request_id=345357a5-ebb3-4b23-97e8-65a05247d2f7 fwd="93.34.236.12" dyno=web.1 connect=1ms service=7ms status=200 bytes=2567 protocol=https
2017-11-21T22:43:22.991559+00:00 heroku[router]: at=info method=GET path="/favicon.ico" host=sheltered-ridge-89639.herokuapp.com request_id=9764e6e2-df0c-4024-b716-76603c8e8147 fwd="93.34.236.12" dyno=web.1 connect=1ms service=5ms status=404 bytes=394 protocol=https
Terminate batch job (Y/N)? Y

C:\Users\tron\Documents\GitHub\node-js-getting-started>heroku logs --tail
2017-11-21T22:41:46.460188+00:00 app[api]: Release v1 created by user stefano.bonato-1@studenti.unitn.it
2017-11-21T22:41:46.460188+00:00 app[api]: Initial release by user stefano.bonato-1@studenti.unitn.it
2017-11-21T22:41:46.587949+00:00 app[api]: Release v2 created by user stefano.bonato-1@studenti.unitn.it
2017-11-21T22:41:46.587949+00:00 app[api]: Enable Logplex by user stefano.bonato-1@studenti.unitn.it
2017-11-21T22:42:58.000000+00:00 app[api]: Build started by user stefano.bonato-1@studenti.unitn.it
2017-11-21T22:43:06.741522+00:00 app[api]: Deploy 787a0397 by user stefano.bonato-1@studenti.unitn.it
2017-11-21T22:43:06.757366+00:00 app[api]: Scaled to web@1:Free by user stefano.bonato-1@studenti.unitn.it
2017-11-21T22:43:06.741522+00:00 app[api]: Release v3 created by user stefano.bonato-1@studenti.unitn.it
2017-11-21T22:42:58.000000+00:00 app[api]: Build succeeded
2017-11-21T22:43:09.827104+00:00 heroku[web.1]: Starting process with command `node index.js`
2017-11-21T22:43:13.199759+00:00 app[web.1]: Listening on 48156
2017-11-21T22:43:13.620439+00:00 heroku[web.1]: State changed from starting to up
2017-11-21T22:43:22.277506+00:00 heroku[router]: at=info method=GET path="/" host=sheltered-ridge-89639.herokuapp.com request_id=a348bf8a-7442-4a13-8894-c077caa43d48 fwd="93.34.236.12" dyno=web.1 connect=1ms service=44ms status=200 bytes=7049 protocol=https
2017-11-21T22:43:22.469244+00:00 heroku[router]: at=info method=GET path="/stylesheets/main.css" host=sheltered-ridge-89639.herokuapp.com request_id=3771587c-8c57-425e-a290-fa47182f09d0 fwd="93.34.236.12" dyno=web.1 connect=1ms service=13ms status=200 bytes=908 protocol=https
2017-11-21T22:43:22.714122+00:00 heroku[router]: at=info method=GET path="/lang-logo.png" host=sheltered-ridge-89639.herokuapp.com request_id=345357a5-ebb3-4b23-97e8-65a05247d2f7 fwd="93.34.236.12" dyno=web.1 connect=1ms service=7ms status=200 bytes=2567 protocol=https
2017-11-21T22:43:22.991559+00:00 heroku[router]: at=info method=GET path="/favicon.ico" host=sheltered-ridge-89639.herokuapp.com request_id=9764e6e2-df0c-4024-b716-76603c8e8147 fwd="93.34.236.12" dyno=web.1 connect=1ms service=5ms status=404 bytes=394 protocol=https
Terminate batch job (Y/N)? N

C:\Users\tron\Documents\GitHub\node-js-getting-started>heroku logs --tail
2017-11-21T22:41:46.460188+00:00 app[api]: Release v1 created by user stefano.bonato-1@studenti.unitn.it
2017-11-21T22:41:46.460188+00:00 app[api]: Initial release by user stefano.bonato-1@studenti.unitn.it
2017-11-21T22:41:46.587949+00:00 app[api]: Release v2 created by user stefano.bonato-1@studenti.unitn.it
2017-11-21T22:41:46.587949+00:00 app[api]: Enable Logplex by user stefano.bonato-1@studenti.unitn.it
2017-11-21T22:42:58.000000+00:00 app[api]: Build started by user stefano.bonato-1@studenti.unitn.it
2017-11-21T22:43:06.741522+00:00 app[api]: Deploy 787a0397 by user stefano.bonato-1@studenti.unitn.it
2017-11-21T22:43:06.757366+00:00 app[api]: Scaled to web@1:Free by user stefano.bonato-1@studenti.unitn.it
2017-11-21T22:43:06.741522+00:00 app[api]: Release v3 created by user stefano.bonato-1@studenti.unitn.it
2017-11-21T22:42:58.000000+00:00 app[api]: Build succeeded
2017-11-21T22:43:09.827104+00:00 heroku[web.1]: Starting process with command `node index.js`
2017-11-21T22:43:13.199759+00:00 app[web.1]: Listening on 48156
2017-11-21T22:43:13.620439+00:00 heroku[web.1]: State changed from starting to up
2017-11-21T22:43:22.277506+00:00 heroku[router]: at=info method=GET path="/" host=sheltered-ridge-89639.herokuapp.com request_id=a348bf8a-7442-4a13-8894-c077caa43d48 fwd="93.34.236.12" dyno=web.1 connect=1ms service=44ms status=200 bytes=7049 protocol=https
2017-11-21T22:43:22.469244+00:00 heroku[router]: at=info method=GET path="/stylesheets/main.css" host=sheltered-ridge-89639.herokuapp.com request_id=3771587c-8c57-425e-a290-fa47182f09d0 fwd="93.34.236.12" dyno=web.1 connect=1ms service=13ms status=200 bytes=908 protocol=https
2017-11-21T22:43:22.714122+00:00 heroku[router]: at=info method=GET path="/lang-logo.png" host=sheltered-ridge-89639.herokuapp.com request_id=345357a5-ebb3-4b23-97e8-65a05247d2f7 fwd="93.34.236.12" dyno=web.1 connect=1ms service=7ms status=200 bytes=2567 protocol=https
2017-11-21T22:43:22.991559+00:00 heroku[router]: at=info method=GET path="/favicon.ico" host=sheltered-ridge-89639.herokuapp.com request_id=9764e6e2-df0c-4024-b716-76603c8e8147 fwd="93.34.236.12" dyno=web.1 connect=1ms service=5ms status=404 bytes=394 protocol=https
Terminate batch job (Y/N)? Y

C:\Users\tron\Documents\GitHub\node-js-getting-started>heroku ps
Free dyno hours quota remaining this month: 550h 0m (100%)
For more information on dyno sleeping and how to upgrade, see:
https://devcenter.heroku.com/articles/dyno-sleeping

=== web (Free): node index.js (1)
web.1: up 2017/11/21 23:43:13 +0100 (~ 2m ago)


C:\Users\tron\Documents\GitHub\node-js-getting-started>npm init --yes
Wrote to C:\Users\tron\Documents\GitHub\node-js-getting-started\package.json:

{
  "name": "node-js-getting-started",
  "version": "0.3.0",
  "description": "A sample Node.js app using Express 4",
  "engines": {
    "node": "8.9.1"
  },
  "main": "index.js",
  "scripts": {
    "start": "node index.js",
    "test": "node test.js"
  },
  "dependencies": {
    "ejs": "^2.5.6",
    "express": "^4.15.2"
  },
  "devDependencies": {
    "request": "^2.81.0",
    "tape": "^4.7.0"
  },
  "repository": {
    "type": "git",
    "url": "git+https://github.com/heroku/node-js-getting-started.git"
  },
  "keywords": [
    "node",
    "heroku",
    "express"
  ],
  "license": "MIT",
  "bugs": {
    "url": "https://github.com/heroku/node-js-getting-started/issues"
  },
  "homepage": "https://github.com/heroku/node-js-getting-started#readme",
  "author": ""
}



C:\Users\tron\Documents\GitHub\node-js-getting-started>npm install
npm notice created a lockfile as package-lock.json. You should commit this file.
added 130 packages in 5.893s

C:\Users\tron\Documents\GitHub\node-js-getting-started>heroku local web
[OKAY] Loaded ENV .env File as KEY=VALUE Format
23:47:46 web.1   |  Listening on 5000
[WARN] Interrupted by User
[DONE] Killing all processes with signal  SIGINT
23:49:00 web.1   Exited with exit code null
Terminate batch job (Y/N)? Y

C:\Users\tron\Documents\GitHub\node-js-getting-started>npm install --save --save-exact cool-ascii-faces
+ cool-ascii-faces@1.3.4
added 9 packages in 2.454s

C:\Users\tron\Documents\GitHub\node-js-getting-started>npm install
up to date in 0.697s

C:\Users\tron\Documents\GitHub\node-js-getting-started>heroku local
[OKAY] Loaded ENV .env File as KEY=VALUE Format
23:51:44 web.1   |  Node app is running on port 5000
[WARN] Interrupted by User
[DONE] Killing all processes with signal  SIGINT
23:52:17 web.1   Exited with exit code null
Terminate batch job (Y/N)? Y

C:\Users\tron\Documents\GitHub\node-js-getting-started>git add .
warning: LF will be replaced by CRLF in package.json.
The file will have its original line endings in your working directory.
warning: LF will be replaced by CRLF in package-lock.json.
The file will have its original line endings in your working directory.

C:\Users\tron\Documents\GitHub\node-js-getting-started>git commit -m "Demo"
[master ed36011] Demo
 3 files changed, 1127 insertions(+), 12 deletions(-)
 rewrite index.js (99%)
 create mode 100644 package-lock.json

C:\Users\tron\Documents\GitHub\node-js-getting-started>git push heroku master
Counting objects: 5, done.
Delta compression using up to 4 threads.
Compressing objects: 100% (5/5), done.
Writing objects: 100% (5/5), 9.47 KiB | 0 bytes/s, done.
Total 5 (delta 2), reused 0 (delta 0)
remote: Compressing source files... done.
remote: Building source:
remote:
remote: -----> Node.js app detected
remote:
remote: -----> Creating runtime environment
remote:
remote:        NPM_CONFIG_LOGLEVEL=error
remote:        NPM_CONFIG_PRODUCTION=true
remote:        NODE_VERBOSE=false
remote:        NODE_ENV=production
remote:        NODE_MODULES_CACHE=true
remote:
remote: -----> Installing binaries
remote:        engines.node (package.json):  8.9.1
remote:        engines.npm (package.json):   unspecified (use default)
remote:
remote:        Resolving node version 8.9.1...
remote:        Downloading and installing node 8.9.1...
remote:        Using default npm version: 5.5.1
remote:
remote: -----> Restoring cache
remote:        Loading 2 from cacheDirectories (default):
remote:        - node_modules
remote:        - bower_components (not cached - skipping)
remote:
remote: -----> Building dependencies
remote:        Installing node modules (package.json + package-lock)
remote:        added 10 packages in 1.08s
remote:
remote: -----> Caching build
remote:        Clearing previous node cache
remote:        Saving 2 cacheDirectories (default):
remote:        - node_modules
remote:        - bower_components (nothing to cache)
remote:
remote: -----> Build succeeded!
remote: -----> Discovering process types
remote:        Procfile declares types -> web
remote:
remote: -----> Compressing...
remote:        Done: 17.8M
remote: -----> Launching...
remote:        Released v4
remote:        https://sheltered-ridge-89639.herokuapp.com/ deployed to Heroku
remote:
remote: Verifying deploy... done.
To https://git.heroku.com/sheltered-ridge-89639.git
   787a039..ed36011  master -> master

C:\Users\tron\Documents\GitHub\node-js-getting-started>heroku open cool

C:\Users\tron\Documents\GitHub\node-js-getting-started>heroku config:set GOOGLE_API_TOKEN=AIzaSyB8D-q0yx_xa4hl0EtFX1PtHkn9mDn_CeI
Setting GOOGLE_API_TOKEN and restarting sheltered-ridge-89639... done, v5
GOOGLE_API_TOKEN: AIzaSyB8D-q0yx_xa4hl0EtFX1PtHkn9mDn_CeI

C:\Users\tron\Documents\GitHub\node-js-getting-started>heroku config
=== sheltered-ridge-89639 Config Vars
GOOGLE_API_TOKEN: AIzaSyB8D-q0yx_xa4hl0EtFX1PtHkn9mDn_CeI

C:\Users\tron\Documents\GitHub\node-js-getting-started>heroku config:set TIMES=2
Setting TIMES and restarting sheltered-ridge-89639... done, v6
TIMES: 2

C:\Users\tron\Documents\GitHub\node-js-getting-started>heroku config
=== sheltered-ridge-89639 Config Vars
GOOGLE_API_TOKEN: AIzaSyB8D-q0yx_xa4hl0EtFX1PtHkn9mDn_CeI
TIMES:            2

C:\Users\tron\Documents\GitHub\node-js-getting-started>heroku open cool

C:\Users\tron\Documents\GitHub\node-js-getting-started>git add .

C:\Users\tron\Documents\GitHub\node-js-getting-started>git commit -m "Times"
[master d69ddc7] Times
 1 file changed, 11 insertions(+), 3 deletions(-)

C:\Users\tron\Documents\GitHub\node-js-getting-started>git push heroku master
Counting objects: 3, done.
Delta compression using up to 4 threads.
Compressing objects: 100% (3/3), done.
Writing objects: 100% (3/3), 417 bytes | 0 bytes/s, done.
Total 3 (delta 2), reused 0 (delta 0)
remote: Compressing source files... done.
remote: Building source:
remote:
remote: -----> Node.js app detected
remote:
remote: -----> Creating runtime environment
remote:
remote:        NPM_CONFIG_LOGLEVEL=error
remote:        NPM_CONFIG_PRODUCTION=true
remote:        NODE_VERBOSE=false
remote:        NODE_ENV=production
remote:        NODE_MODULES_CACHE=true
remote:
remote: -----> Installing binaries
remote:        engines.node (package.json):  8.9.1
remote:        engines.npm (package.json):   unspecified (use default)
remote:
remote:        Resolving node version 8.9.1...
remote:        Downloading and installing node 8.9.1...
remote:        Using default npm version: 5.5.1
remote:
remote: -----> Restoring cache
remote:        Loading 2 from cacheDirectories (default):
remote:        - node_modules
remote:        - bower_components (not cached - skipping)
remote:
remote: -----> Building dependencies
remote:        Installing node modules (package.json + package-lock)
remote:        up to date in 0.632s
remote:
remote: -----> Caching build
remote:        Clearing previous node cache
remote:        Saving 2 cacheDirectories (default):
remote:        - node_modules
remote:        - bower_components (nothing to cache)
remote:
remote: -----> Build succeeded!
remote: -----> Discovering process types
remote:        Procfile declares types -> web
remote:
remote: -----> Compressing...
remote:        Done: 17.8M
remote: -----> Launching...
remote:        Released v7
remote:        https://sheltered-ridge-89639.herokuapp.com/ deployed to Heroku
remote:
remote: Verifying deploy... done.
To https://git.heroku.com/sheltered-ridge-89639.git
   ed36011..d69ddc7  master -> master

C:\Users\tron\Documents\GitHub\node-js-getting-started>heroku open times

C:\Users\tron\Documents\GitHub\node-js-getting-started>heroku open times

C:\Users\tron\Documents\GitHub\node-js-getting-started>cd ..

C:\Users\tron\Documents\GitHub>cd cocobill

C:\Users\tron\Documents\GitHub\cocobill>git init
Initialized empty Git repository in C:/Users/tron/Documents/GitHub/cocobill/.git/

C:\Users\tron\Documents\GitHub\cocobill>npm init
This utility will walk you through creating a package.json file.
It only covers the most common items, and tries to guess sensible defaults.

See `npm help json` for definitive documentation on these fields
and exactly what they do.

Use `npm install <pkg>` afterwards to install a package and
save it as a dependency in the package.json file.

Press ^C at any time to quit.
package name: (cocobill)
version: (1.0.0)
description: Vision Splitter Dev Repo
entry point: (index.js)
test command:
git repository:
keywords:
author: Neflux
license: (ISC)
About to write to C:\Users\tron\Documents\GitHub\cocobill\package.json:

{
  "name": "cocobill",
  "version": "1.0.0",
  "description": "Vision Splitter Dev Repo",
  "main": "index.js",
  "scripts": {
    "test": "echo \"Error: no test specified\" && exit 1"
  },
  "author": "Neflux",
  "license": "ISC"
}


Is this ok? (yes)

C:\Users\tron\Documents\GitHub\cocobill>git add .
warning: LF will be replaced by CRLF in package.json.
The file will have its original line endings in your working directory.

C:\Users\tron\Documents\GitHub\cocobill>git status
On branch master

Initial commit

Changes to be committed:
  (use "git rm --cached <file>..." to unstage)

        new file:   Procfile
        new file:   index.js
        new file:   package.json


C:\Users\tron\Documents\GitHub\cocobill>git commit -m "helloworld"
[master (root-commit) 4782362] helloworld
 3 files changed, 31 insertions(+)
 create mode 100644 Procfile
 create mode 100644 index.js
 create mode 100644 package.json

C:\Users\tron\Documents\GitHub\cocobill>heroku create
Creating app... done, boiling-garden-87621
https://boiling-garden-87621.herokuapp.com/ | https://git.heroku.com/boiling-garden-87621.git

C:\Users\tron\Documents\GitHub\cocobill>heroku apps
=== stefano.bonato-1@studenti.unitn.it Apps
boiling-garden-87621
sheltered-ridge-89639
vision-splitter (eu)


C:\Users\tron\Documents\GitHub\cocobill>git remote -v
heroku  https://git.heroku.com/boiling-garden-87621.git (fetch)
heroku  https://git.heroku.com/boiling-garden-87621.git (push)

C:\Users\tron\Documents\GitHub\cocobill>git push heroku master
Counting objects: 5, done.
Delta compression using up to 4 threads.
Compressing objects: 100% (4/4), done.
Writing objects: 100% (5/5), 739 bytes | 0 bytes/s, done.
Total 5 (delta 0), reused 0 (delta 0)
remote: Compressing source files... done.
remote: Building source:
remote:
remote: -----> Node.js app detected
remote:
remote: -----> Creating runtime environment
remote:
remote:        NPM_CONFIG_LOGLEVEL=error
remote:        NPM_CONFIG_PRODUCTION=true
remote:        NODE_VERBOSE=false
remote:        NODE_ENV=production
remote:        NODE_MODULES_CACHE=true
remote:
remote: -----> Installing binaries
remote:        engines.node (package.json):  unspecified
remote:        engines.npm (package.json):   unspecified (use default)
remote:
remote:        Resolving node version 8.x...
remote:        Downloading and installing node 8.9.1...
remote:        Using default npm version: 5.5.1
remote:
remote: -----> Restoring cache
remote:        Skipping cache restore (not-found)
remote:
remote: -----> Building dependencies
remote:        Installing node modules (package.json)
remote:        up to date in 0.078s
remote:
remote: -----> Caching build
remote:        Clearing previous node cache
remote:        Saving 2 cacheDirectories (default):
remote:        - node_modules (nothing to cache)
remote:        - bower_components (nothing to cache)
remote:
remote: -----> Build succeeded!
remote: -----> Discovering process types
remote:        Procfile declares types -> web
remote:
remote: -----> Compressing...
remote:        Done: 17.2M
remote: -----> Launching...
remote:        Released v3
remote:        https://boiling-garden-87621.herokuapp.com/ deployed to Heroku
remote:
remote: Verifying deploy... done.
To https://git.heroku.com/boiling-garden-87621.git
 * [new branch]      master -> master

C:\Users\tron\Documents\GitHub\cocobill>heroku ps:scale web=1
Scaling dynos... done, now running web at 1:Free

C:\Users\tron\Documents\GitHub\cocobill>heroku open

C:\Users\tron\Documents\GitHub\cocobill>cd ..

C:\Users\tron\Documents\GitHub>cd cocobill

C:\Users\tron\Documents\GitHub\cocobill>git remote add heroku0 https://git.heroku.com/sheltered-ridge-89639.git

C:\Users\tron\Documents\GitHub\cocobill>git remote -v
heroku  https://git.heroku.com/boiling-garden-87621.git (fetch)
heroku  https://git.heroku.com/boiling-garden-87621.git (push)
heroku0 https://git.heroku.com/sheltered-ridge-89639.git (fetch)
heroku0 https://git.heroku.com/sheltered-ridge-89639.git (push)

C:\Users\tron\Documents\GitHub\cocobill>git push heroku0 master --force
Counting objects: 5, done.
Delta compression using up to 4 threads.
Compressing objects: 100% (4/4), done.
Writing objects: 100% (5/5), 739 bytes | 0 bytes/s, done.
Total 5 (delta 0), reused 0 (delta 0)
remote: Compressing source files... done.
remote: Building source:
remote:
remote: -----> Node.js app detected
remote:
remote: -----> Creating runtime environment
remote:
remote:        NPM_CONFIG_LOGLEVEL=error
remote:        NPM_CONFIG_PRODUCTION=true
remote:        NODE_VERBOSE=false
remote:        NODE_ENV=production
remote:        NODE_MODULES_CACHE=true
remote:
remote: -----> Installing binaries
remote:        engines.node (package.json):  unspecified
remote:        engines.npm (package.json):   unspecified (use default)
remote:
remote:        Resolving node version 8.x...
remote:        Downloading and installing node 8.9.1...
remote:        Using default npm version: 5.5.1
remote:
remote: -----> Restoring cache
remote:        Loading 2 from cacheDirectories (default):
remote:        - node_modules
remote:        - bower_components (not cached - skipping)
remote:
remote: -----> Building dependencies
remote:        Installing node modules (package.json)
remote:        removed 59 packages in 0.563s
remote:
remote: -----> Caching build
remote:        Clearing previous node cache
remote:        Saving 2 cacheDirectories (default):
remote:        - node_modules
remote:        - bower_components (nothing to cache)
remote:
remote: -----> Build succeeded!
remote: -----> Discovering process types
remote:        Procfile declares types -> web
remote:
remote: -----> Compressing...
remote:        Done: 17.2M
remote: -----> Launching...
remote:        Released v8
remote:        https://sheltered-ridge-89639.herokuapp.com/ deployed to Heroku
remote:
remote: Verifying deploy... done.
To https://git.heroku.com/sheltered-ridge-89639.git
 + d69ddc7...4782362 master -> master (forced update)

C:\Users\tron\Documents\GitHub\cocobill>git status
On branch master
Your branch is ahead of 'origin/master' by 2 commits.
  (use "git push" to publish your local commits)
nothing to commit, working tree clean

C:\Users\tron\Documents\GitHub\cocobill>npm